// Jest Snapshot v1, https://goo.gl/fbAQLP

exports[`mapRuleToAnchor should map all available rules to the correct anchor 1`] = `
Array [
  "#10:2",
  "#10:4",
  "#10:5",
  "#11:5",
  "#12:1",
  "#12:1",
  "#12:2",
  "#12:3",
  "#13:1",
  "#13:3",
  "#13:4",
  "#13:5",
  "#13:6",
  "#13:7",
  "#13:8",
  "#13:9",
  "#14:1",
  "#14:1",
  "#14:1",
  "#14:6",
  "#14:7",
  "#14:8",
  "#14:9",
  "#15:2",
  "#15:4",
  "#15:5",
  "#15:6",
  "#15:7",
  "#16:10",
  "#16:11",
  "#16:12",
  "#16:12",
  "#16:12",
  "#16:12",
  "#16:12",
  "#16:12",
  "#16:12",
  "#16:12",
  "#16:12",
  "#16:1",
  "#16:2",
  "#16:2",
  "#16:2",
  "#16:2",
  "#16:2",
  "#16:2",
  "#16:4",
  "#16:5",
  "#16:6",
  "#16:6",
  "#16:6",
  "#16:6",
  "#16:6",
  "#16:8",
  "#16:9",
  "#17:12",
  "#17:13",
  "#17:14",
  "#17:3",
  "#17:4",
  "#17:5",
  "#17:8",
  "#17:9",
  "#17:9",
  "#17:9",
  "#1:1",
  "#1:2",
  "#1:4",
  "#1:8",
  "#1:8",
  "#2:10",
  "#2:11",
  "#2:12",
  "#2:13",
  "#2:14",
  "#2:14",
  "#2:15",
  "#2:17",
  "#2:17",
  "#2:2",
  "#2:5",
  "#3:2",
  "#4:10",
  "#4:11",
  "#4:12",
  "#4:13",
  "#4:13",
  "#4:14",
  "#4:2",
  "#4:4",
  "#4:6",
  "#4:7",
  "#4:8",
  "#5:10",
  "#5:11",
  "#5:4",
  "#5:6",
  "#5:7",
  "#5:8",
  "#5:9",
  "#6:2",
  "#6:2",
  "#6:7",
  "#6:9",
  "#7:1",
  "#7:10",
  "#7:2",
  "#7:7",
  "#8:2",
  "#8:4",
  "#8:5",
  "#8:5",
  "#8:6",
  "#8:7",
  "#8:7",
  "#9:1",
  "#9:1",
  "#9:2",
  "#9:5",
  "#9:6",
  "#9:8",
  "#9:9",
  "#1.-awarding-of-points",
  "#3.-free-throw-execution-after-the-final-signal",
  "#4.-passive-play",
  "#4.-passive-play",
  "#5.-unsportsmanlike-conduct",
  "#6.-seriously-unsportsmanlike-conduct",
  "#6.-seriously-unsportsmanlike-conduct",
  "#8.-interruption-by-the-timekeeper",
]
`;

exports[`mapRuleToAnchor should map all available rules to the correct anchor 2`] = `
Array [
  "#10:2",
  "#10:4",
  "#10:5",
  "#11:5",
  "#12:1",
  "#12:1",
  "#12:2",
  "#12:3",
  "#13:1",
  "#13:3",
  "#13:4",
  "#13:5",
  "#13:6",
  "#13:7",
  "#13:8",
  "#13:9",
  "#14:1",
  "#14:1",
  "#14:1",
  "#14:6",
  "#14:7",
  "#14:8",
  "#14:9",
  "#15:2",
  "#15:4",
  "#15:5",
  "#15:6",
  "#15:7",
  "#16:10",
  "#16:11",
  "#16:12",
  "#16:12",
  "#16:12",
  "#16:12",
  "#16:12",
  "#16:12",
  "#16:12",
  "#16:12",
  "#16:12",
  "#16:1",
  "#16:2",
  "#16:2",
  "#16:2",
  "#16:2",
  "#16:2",
  "#16:2",
  "#16:4",
  "#16:5",
  "#16:6",
  "#16:6",
  "#16:6",
  "#16:6",
  "#16:6",
  "#16:8",
  "#16:9",
  "#17:12",
  "#17:13",
  "#17:14",
  "#17:3",
  "#17:4",
  "#17:5",
  "#17:8",
  "#17:9",
  "#17:9",
  "#17:9",
  "#1:1",
  "#1:2",
  "#1:4",
  "#1:8",
  "#1:8",
  "#2:10",
  "#2:11",
  "#2:12",
  "#2:13",
  "#2:14",
  "#2:14",
  "#2:15",
  "#2:17",
  "#2:17",
  "#2:2",
  "#2:5",
  "#3:2",
  "#4:10",
  "#4:11",
  "#4:12",
  "#4:13",
  "#4:13",
  "#4:14",
  "#4:2",
  "#4:4",
  "#4:6",
  "#4:7",
  "#4:8",
  "#5:10",
  "#5:11",
  "#5:4",
  "#5:6",
  "#5:7",
  "#5:8",
  "#5:9",
  "#6:2",
  "#6:2",
  "#6:7",
  "#6:9",
  "#7:1",
  "#7:10",
  "#7:2",
  "#7:7",
  "#8:2",
  "#8:4",
  "#8:5",
  "#8:5",
  "#8:6",
  "#8:7",
  "#8:7",
  "#9:1",
  "#9:1",
  "#9:2",
  "#9:5",
  "#9:6",
  "#9:8",
  "#9:9",
  "#1.-awarding-of-points",
  "#3.-free-throw-execution-after-the-final-signal",
  "#4.-passive-play",
  "#4.-passive-play",
  "#5.-unsportsmanlike-conduct",
  "#6.-seriously-unsportsmanlike-conduct",
  "#6.-seriously-unsportsmanlike-conduct",
  "#8.-interruption-by-the-timekeeper",
]
`;

exports[`mapRuleToAnchor should map all available rules to the correct anchor 3`] = `
Array [
  "#10:2",
  "#10:4",
  "#10:5",
  "#11:5",
  "#12:1",
  "#12:1",
  "#12:2",
  "#12:3",
  "#13:1",
  "#13:3",
  "#13:4",
  "#13:5",
  "#13:6",
  "#13:7",
  "#13:8",
  "#13:9",
  "#14:1",
  "#14:1",
  "#14:1",
  "#14:6",
  "#14:7",
  "#14:8",
  "#14:9",
  "#15:2",
  "#15:4",
  "#15:5",
  "#15:6",
  "#15:7",
  "#16:10",
  "#16:11",
  "#16:12",
  "#16:12",
  "#16:12",
  "#16:12",
  "#16:12",
  "#16:12",
  "#16:12",
  "#16:12",
  "#16:12",
  "#16:1",
  "#16:2",
  "#16:2",
  "#16:2",
  "#16:2",
  "#16:2",
  "#16:2",
  "#16:4",
  "#16:5",
  "#16:6",
  "#16:6",
  "#16:6",
  "#16:6",
  "#16:6",
  "#16:8",
  "#16:9",
  "#17:12",
  "#17:13",
  "#17:14",
  "#17:3",
  "#17:4",
  "#17:5",
  "#17:8",
  "#17:9",
  "#17:9",
  "#17:9",
  "#1:1",
  "#1:2",
  "#1:4",
  "#1:8",
  "#1:8",
  "#2:10",
  "#2:11",
  "#2:12",
  "#2:13",
  "#2:14",
  "#2:14",
  "#2:15",
  "#2:17",
  "#2:17",
  "#2:2",
  "#2:5",
  "#3:2",
  "#4:10",
  "#4:11",
  "#4:12",
  "#4:13",
  "#4:13",
  "#4:14",
  "#4:2",
  "#4:4",
  "#4:6",
  "#4:7",
  "#4:8",
  "#5:10",
  "#5:11",
  "#5:4",
  "#5:6",
  "#5:7",
  "#5:8",
  "#5:9",
  "#6:2",
  "#6:2",
  "#6:7",
  "#6:9",
  "#7:1",
  "#7:10",
  "#7:2",
  "#7:7",
  "#8:2",
  "#8:4",
  "#8:5",
  "#8:5",
  "#8:6",
  "#8:7",
  "#8:7",
  "#9:1",
  "#9:1",
  "#9:2",
  "#9:5",
  "#9:6",
  "#9:8",
  "#9:9",
  "#1.-awarding-of-points",
  "#3.-free-throw-execution-after-the-final-signal",
  "#4.-passive-play",
  "#4.-passive-play",
  "#5.-unsportsmanlike-conduct",
  "#6.-seriously-unsportsmanlike-conduct",
  "#6.-seriously-unsportsmanlike-conduct",
  "#8.-interruption-by-the-timekeeper",
]
`;
